2026-05-13 20:12:50,108 [INFO] navtools: NAV TOOLS v2.0.0 starting...
2026-05-13 20:12:50,112 [INFO] navtools: Database initialized
2026-05-13 20:12:50,112 [INFO] navtools: Theme: dark
2026-05-13 20:12:50,112 [INFO] navtools: cleanup orphan resources: killed=0, removed=0
2026-05-13 20:12:50,292 [INFO] navtools: API auth service initialized (base_url=https://workspace.navtools.vn)
2026-05-13 20:12:54,092 [INFO] navtools: Logged in as: user
2026-05-13 20:12:54,542 [WARNING] navtools: No enabled accounts configured
2026-05-13 20:12:54,598 [INFO] navtools: Application started
2026-05-13 20:13:06,880 [WARNING] navtools: Could not read Cookies DB: [WinError 32] The process cannot access the file because it is being used by another process
2026-05-13 20:13:07,895 [WARNING] navtools: Could not read Cookies DB: [WinError 32] The process cannot access the file because it is being used by another process
2026-05-13 20:13:08,900 [WARNING] navtools: Could not read Cookies DB: [WinError 32] The process cannot access the file because it is being used by another process
2026-05-13 20:13:09,912 [WARNING] navtools: Could not read Cookies DB: [WinError 32] The process cannot access the file because it is being used by another process
2026-05-13 20:13:10,922 [WARNING] navtools: Could not read Cookies DB: [WinError 32] The process cannot access the file because it is being used by another process
2026-05-13 20:13:11,930 [WARNING] navtools: Could not read Cookies DB: [WinError 32] The process cannot access the file because it is being used by another process
2026-05-13 20:13:12,947 [WARNING] navtools: Could not read Cookies DB: [WinError 32] The process cannot access the file because it is being used by another process
2026-05-13 20:13:13,960 [WARNING] navtools: Could not read Cookies DB: [WinError 32] The process cannot access the file because it is being used by another process
2026-05-13 20:13:14,970 [WARNING] navtools: Could not read Cookies DB: [WinError 32] The process cannot access the file because it is being used by another process
2026-05-13 20:13:15,970 [WARNING] navtools: Could not read Cookies DB: [WinError 32] The process cannot access the file because it is being used by another process
2026-05-13 20:13:16,989 [WARNING] navtools: Could not read Cookies DB: [WinError 32] The process cannot access the file because it is being used by another process
2026-05-13 20:13:17,994 [WARNING] navtools: Could not read Cookies DB: [WinError 32] The process cannot access the file because it is being used by another process
2026-05-13 20:13:18,996 [WARNING] navtools: Could not read Cookies DB: [WinError 32] The process cannot access the file because it is being used by another process
2026-05-13 20:13:20,008 [WARNING] navtools: Could not read Cookies DB: [WinError 32] The process cannot access the file because it is being used by another process
2026-05-13 20:13:21,011 [WARNING] navtools: Could not read Cookies DB: [WinError 32] The process cannot access the file because it is being used by another process
2026-05-13 20:13:22,013 [WARNING] navtools: Could not read Cookies DB: [WinError 32] The process cannot access the file because it is being used by another process
2026-05-13 20:13:23,029 [WARNING] navtools: Could not read Cookies DB: [WinError 32] The process cannot access the file because it is being used by another process
2026-05-13 20:13:24,037 [WARNING] navtools: Could not read Cookies DB: [WinError 32] The process cannot access the file because it is being used by another process
2026-05-13 20:13:25,046 [WARNING] navtools: Could not read Cookies DB: [WinError 32] The process cannot access the file because it is being used by another process
2026-05-13 20:13:26,053 [WARNING] navtools: Could not read Cookies DB: [WinError 32] The process cannot access the file because it is being used by another process
2026-05-13 20:13:27,063 [WARNING] navtools: Could not read Cookies DB: [WinError 32] The process cannot access the file because it is being used by another process
2026-05-13 20:13:28,064 [WARNING] navtools: Could not read Cookies DB: [WinError 32] The process cannot access the file because it is being used by another process
2026-05-13 20:13:29,076 [WARNING] navtools: Could not read Cookies DB: [WinError 32] The process cannot access the file because it is being used by another process
2026-05-13 20:13:30,079 [WARNING] navtools: Could not read Cookies DB: [WinError 32] The process cannot access the file because it is being used by another process
2026-05-13 20:13:31,080 [WARNING] navtools: Could not read Cookies DB: [WinError 32] The process cannot access the file because it is being used by another process
2026-05-13 20:13:32,092 [WARNING] navtools: Could not read Cookies DB: [WinError 32] The process cannot access the file because it is being used by another process
2026-05-13 20:13:33,099 [WARNING] navtools: Could not read Cookies DB: [WinError 32] The process cannot access the file because it is being used by another process
2026-05-13 20:13:34,122 [WARNING] navtools: Could not read Cookies DB: [WinError 32] The process cannot access the file because it is being used by another process
2026-05-13 20:13:35,129 [WARNING] navtools: Could not read Cookies DB: [WinError 32] The process cannot access the file because it is being used by another process
2026-05-13 20:13:36,133 [WARNING] navtools: Could not read Cookies DB: [WinError 32] The process cannot access the file because it is being used by another process
2026-05-13 20:13:37,149 [WARNING] navtools: Could not read Cookies DB: [WinError 32] The process cannot access the file because it is being used by another process
2026-05-13 20:13:38,161 [WARNING] navtools: Could not read Cookies DB: [WinError 32] The process cannot access the file because it is being used by another process
2026-05-13 20:13:39,165 [WARNING] navtools: Could not read Cookies DB: [WinError 32] The process cannot access the file because it is being used by another process
2026-05-13 20:13:40,169 [WARNING] navtools: Could not read Cookies DB: [WinError 32] The process cannot access the file because it is being used by another process
2026-05-13 20:13:41,180 [WARNING] navtools: Could not read Cookies DB: [WinError 32] The process cannot access the file because it is being used by another process
2026-05-13 20:13:42,192 [WARNING] navtools: Could not read Cookies DB: [WinError 32] The process cannot access the file because it is being used by another process
2026-05-13 20:13:43,197 [WARNING] navtools: Could not read Cookies DB: [WinError 32] The process cannot access the file because it is being used by another process
2026-05-13 20:13:44,214 [WARNING] navtools: Could not read Cookies DB: [WinError 32] The process cannot access the file because it is being used by another process
2026-05-13 20:13:45,228 [WARNING] navtools: Could not read Cookies DB: [WinError 32] The process cannot access the file because it is being used by another process
2026-05-13 20:13:46,242 [WARNING] navtools: Could not read Cookies DB: [WinError 32] The process cannot access the file because it is being used by another process
2026-05-13 20:13:47,254 [WARNING] navtools: Could not read Cookies DB: [WinError 32] The process cannot access the file because it is being used by another process
2026-05-13 20:13:48,262 [WARNING] navtools: Could not read Cookies DB: [WinError 32] The process cannot access the file because it is being used by another process
2026-05-13 20:13:49,275 [WARNING] navtools: Could not read Cookies DB: [WinError 32] The process cannot access the file because it is being used by another process
2026-05-13 20:13:50,277 [WARNING] navtools: Could not read Cookies DB: [WinError 32] The process cannot access the file because it is being used by another process
2026-05-13 20:13:51,288 [WARNING] navtools: Could not read Cookies DB: [WinError 32] The process cannot access the file because it is being used by another process
2026-05-13 20:18:07,753 [INFO] navtools: Application closed
2026-05-13 20:18:11,063 [INFO] navtools: NAV TOOLS v2.0.0 starting...
2026-05-13 20:18:11,063 [INFO] navtools: Database initialized
2026-05-13 20:18:11,063 [INFO] navtools: Theme: dark
2026-05-13 20:18:11,063 [INFO] navtools: cleanup orphan resources: killed=0, removed=0
2026-05-13 20:18:11,116 [INFO] navtools: API auth service initialized (base_url=https://workspace.navtools.vn)
2026-05-13 20:18:18,340 [INFO] navtools: Logged in as: user
2026-05-13 20:18:18,759 [WARNING] navtools: No enabled accounts configured
2026-05-13 20:18:18,825 [INFO] navtools: Application started
2026-05-13 20:19:37,329 [INFO] navtools: PromptTable: start with 1 prompts, refs=0
2026-05-13 20:19:42,948 [INFO] navtools: PromptTable: start with 1 prompts, refs=0
2026-05-13 20:33:17,534 [INFO] navtools: Application closed
2026-05-13 20:34:03,859 [INFO] navtools: NAV TOOLS v2.0.0 starting...
2026-05-13 20:34:03,861 [INFO] navtools: Database initialized
2026-05-13 20:34:03,861 [INFO] navtools: Theme: dark
2026-05-13 20:34:03,861 [INFO] navtools: cleanup orphan resources: killed=0, removed=0
2026-05-13 20:34:03,914 [INFO] navtools: API auth service initialized (base_url=https://workspace.navtools.vn)
2026-05-13 20:34:08,302 [INFO] navtools: Logged in as: user
2026-05-13 20:34:08,718 [WARNING] navtools: No enabled accounts configured
2026-05-13 20:34:08,777 [INFO] navtools: Application started
2026-05-13 20:34:41,364 [INFO] navtools: NAV TOOLS v2.0.0 starting...
2026-05-13 20:34:41,373 [INFO] navtools: Database initialized
2026-05-13 20:34:41,373 [INFO] navtools: Theme: dark
2026-05-13 20:34:41,373 [INFO] navtools: cleanup orphan resources: killed=0, removed=0
2026-05-13 20:34:41,424 [INFO] navtools: API auth service initialized (base_url=https://workspace.navtools.vn)
2026-05-13 20:34:43,538 [INFO] navtools: Logged in as: user
2026-05-13 20:34:44,001 [INFO] navtools: Application started
